\BOOKMARK [0][-]{chapter*.1}{\376\377\000D\000e\000c\000l\000a\000r\000a\000t\000i\000o\000n}{}% 1
\BOOKMARK [0][-]{chapter*.2}{\376\377\000A\000c\000k\000n\000o\000w\000l\000e\000d\000g\000m\000e\000n\000t}{}% 2
\BOOKMARK [0][-]{chapter*.3}{\376\377\000A\000b\000s\000t\000r\000a\000c\000t}{}% 3
\BOOKMARK [0][-]{chapter.1}{\376\377\000I\000n\000t\000r\000o\000d\000u\000c\000t\000i\000o\000n}{}% 4
\BOOKMARK [1][-]{section.1.1}{\376\377\000O\000v\000e\000r\000v\000i\000e\000w}{chapter.1}% 5
\BOOKMARK [1][-]{section.1.2}{\376\377\000P\000r\000o\000b\000l\000e\000m\000\040\000S\000t\000a\000t\000e\000m\000e\000n\000t}{chapter.1}% 6
\BOOKMARK [1][-]{section.1.3}{\376\377\000O\000b\000j\000e\000c\000t\000i\000v\000e\000s}{chapter.1}% 7
\BOOKMARK [1][-]{section.1.4}{\376\377\000M\000a\000j\000o\000r\000\040\000F\000e\000a\000t\000u\000r\000e\000s}{chapter.1}% 8
\BOOKMARK [1][-]{section.1.5}{\376\377\000S\000c\000o\000p\000e}{chapter.1}% 9
\BOOKMARK [1][-]{section.1.6}{\376\377\000L\000i\000m\000i\000t\000a\000t\000i\000o\000n\000s}{chapter.1}% 10
\BOOKMARK [1][-]{section.1.7}{\376\377\000O\000r\000g\000a\000n\000i\000z\000a\000t\000i\000o\000n\000\040\000o\000f\000\040\000t\000h\000e\000\040\000D\000o\000c\000u\000m\000e\000n\000t}{chapter.1}% 11
\BOOKMARK [0][-]{chapter.2}{\376\377\000L\000i\000t\000e\000r\000a\000t\000u\000r\000e\000\040\000R\000e\000v\000i\000e\000w}{}% 12
\BOOKMARK [1][-]{section.2.1}{\376\377\000C\000r\000e\000d\000i\000t\000\040\000C\000a\000r\000d\000\040\000F\000r\000a\000u\000d\000\040\000D\000e\000t\000e\000c\000t\000i\000o\000n}{chapter.2}% 13
\BOOKMARK [1][-]{section.2.2}{\376\377\000M\000a\000c\000h\000i\000n\000e\000\040\000L\000e\000a\000r\000n\000i\000n\000g\000\040\000f\000o\000r\000\040\000F\000r\000a\000u\000d\000\040\000D\000e\000t\000e\000c\000t\000i\000o\000n}{chapter.2}% 14
\BOOKMARK [1][-]{section.2.3}{\376\377\000R\000a\000n\000d\000o\000m\000\040\000F\000o\000r\000e\000s\000t\000\040\000M\000o\000d\000e\000l}{chapter.2}% 15
\BOOKMARK [1][-]{section.2.4}{\376\377\000B\000e\000h\000a\000v\000i\000o\000r\000-\000B\000a\000s\000e\000d\000\040\000F\000r\000a\000u\000d\000\040\000S\000i\000g\000n\000a\000l\000s}{chapter.2}% 16
\BOOKMARK [1][-]{section.2.5}{\376\377\000R\000e\000s\000e\000a\000r\000c\000h\000\040\000B\000a\000s\000i\000s}{chapter.2}% 17
\BOOKMARK [0][-]{chapter.3}{\376\377\000S\000y\000s\000t\000e\000m\000\040\000A\000n\000a\000l\000y\000s\000i\000s}{}% 18
\BOOKMARK [1][-]{section.3.1}{\376\377\000E\000x\000i\000s\000t\000i\000n\000g\000\040\000S\000y\000s\000t\000e\000m}{chapter.3}% 19
\BOOKMARK [1][-]{section.3.2}{\376\377\000P\000r\000o\000p\000o\000s\000e\000d\000\040\000S\000y\000s\000t\000e\000m}{chapter.3}% 20
\BOOKMARK [1][-]{section.3.3}{\376\377\000F\000u\000n\000c\000t\000i\000o\000n\000a\000l\000\040\000R\000e\000q\000u\000i\000r\000e\000m\000e\000n\000t\000s}{chapter.3}% 21
\BOOKMARK [1][-]{section.3.4}{\376\377\000N\000o\000n\000-\000F\000u\000n\000c\000t\000i\000o\000n\000a\000l\000\040\000R\000e\000q\000u\000i\000r\000e\000m\000e\000n\000t\000s}{chapter.3}% 22
\BOOKMARK [1][-]{section.3.5}{\376\377\000F\000e\000a\000s\000i\000b\000i\000l\000i\000t\000y\000\040\000S\000t\000u\000d\000y}{chapter.3}% 23
\BOOKMARK [2][-]{subsection.3.5.1}{\376\377\000T\000e\000c\000h\000n\000i\000c\000a\000l\000\040\000F\000e\000a\000s\000i\000b\000i\000l\000i\000t\000y}{section.3.5}% 24
\BOOKMARK [2][-]{subsection.3.5.2}{\376\377\000E\000c\000o\000n\000o\000m\000i\000c\000\040\000F\000e\000a\000s\000i\000b\000i\000l\000i\000t\000y}{section.3.5}% 25
\BOOKMARK [2][-]{subsection.3.5.3}{\376\377\000O\000p\000e\000r\000a\000t\000i\000o\000n\000a\000l\000\040\000F\000e\000a\000s\000i\000b\000i\000l\000i\000t\000y}{section.3.5}% 26
\BOOKMARK [0][-]{chapter.4}{\376\377\000M\000e\000t\000h\000o\000d\000o\000l\000o\000g\000y}{}% 27
\BOOKMARK [1][-]{section.4.1}{\376\377\000D\000a\000t\000a\000s\000e\000t}{chapter.4}% 28
\BOOKMARK [1][-]{section.4.2}{\376\377\000I\000n\000p\000u\000t\000\040\000F\000i\000e\000l\000d\000s}{chapter.4}% 29
\BOOKMARK [1][-]{section.4.3}{\376\377\000F\000e\000a\000t\000u\000r\000e\000\040\000E\000n\000g\000i\000n\000e\000e\000r\000i\000n\000g}{chapter.4}% 30
\BOOKMARK [1][-]{section.4.4}{\376\377\000M\000o\000d\000e\000l\000\040\000T\000r\000a\000i\000n\000i\000n\000g}{chapter.4}% 31
\BOOKMARK [1][-]{section.4.5}{\376\377\000P\000r\000e\000d\000i\000c\000t\000i\000o\000n\000\040\000P\000i\000p\000e\000l\000i\000n\000e}{chapter.4}% 32
\BOOKMARK [1][-]{section.4.6}{\376\377\000R\000i\000s\000k\000\040\000S\000c\000o\000r\000e\000\040\000C\000a\000l\000c\000u\000l\000a\000t\000i\000o\000n}{chapter.4}% 33
\BOOKMARK [0][-]{chapter.5}{\376\377\000S\000y\000s\000t\000e\000m\000\040\000D\000e\000s\000i\000g\000n}{}% 34
\BOOKMARK [1][-]{section.5.1}{\376\377\000A\000r\000c\000h\000i\000t\000e\000c\000t\000u\000r\000e}{chapter.5}% 35
\BOOKMARK [1][-]{section.5.2}{\376\377\000D\000a\000t\000a\000\040\000F\000l\000o\000w}{chapter.5}% 36
\BOOKMARK [1][-]{section.5.3}{\376\377\000A\000P\000I\000\040\000D\000e\000s\000i\000g\000n}{chapter.5}% 37
\BOOKMARK [1][-]{section.5.4}{\376\377\000P\000e\000r\000s\000i\000s\000t\000e\000n\000c\000e\000\040\000D\000e\000s\000i\000g\000n}{chapter.5}% 38
\BOOKMARK [1][-]{section.5.5}{\376\377\000U\000s\000e\000r\000\040\000I\000n\000t\000e\000r\000f\000a\000c\000e\000\040\000D\000e\000s\000i\000g\000n}{chapter.5}% 39
\BOOKMARK [0][-]{chapter.6}{\376\377\000I\000m\000p\000l\000e\000m\000e\000n\000t\000a\000t\000i\000o\000n}{}% 40
\BOOKMARK [1][-]{section.6.1}{\376\377\000D\000e\000v\000e\000l\000o\000p\000m\000e\000n\000t\000\040\000E\000n\000v\000i\000r\000o\000n\000m\000e\000n\000t}{chapter.6}% 41
\BOOKMARK [1][-]{section.6.2}{\376\377\000A\000u\000t\000h\000e\000n\000t\000i\000c\000a\000t\000i\000o\000n}{chapter.6}% 42
\BOOKMARK [1][-]{section.6.3}{\376\377\000T\000r\000a\000n\000s\000a\000c\000t\000i\000o\000n\000\040\000V\000a\000l\000i\000d\000a\000t\000i\000o\000n}{chapter.6}% 43
\BOOKMARK [1][-]{section.6.4}{\376\377\000F\000e\000a\000t\000u\000r\000e\000\040\000E\000n\000c\000o\000d\000i\000n\000g}{chapter.6}% 44
\BOOKMARK [1][-]{section.6.5}{\376\377\000B\000e\000h\000a\000v\000i\000o\000r\000\040\000A\000n\000a\000l\000y\000s\000i\000s}{chapter.6}% 45
\BOOKMARK [1][-]{section.6.6}{\376\377\000P\000r\000e\000d\000i\000c\000t\000i\000o\000n\000\040\000a\000n\000d\000\040\000R\000i\000s\000k}{chapter.6}% 46
\BOOKMARK [1][-]{section.6.7}{\376\377\000A\000l\000e\000r\000t\000s\000\040\000a\000n\000d\000\040\000V\000e\000r\000i\000f\000i\000c\000a\000t\000i\000o\000n}{chapter.6}% 47
\BOOKMARK [1][-]{section.6.8}{\376\377\000C\000S\000V\000\040\000B\000a\000t\000c\000h\000\040\000D\000e\000t\000e\000c\000t\000i\000o\000n}{chapter.6}% 48
\BOOKMARK [1][-]{section.6.9}{\376\377\000R\000e\000p\000o\000r\000t\000i\000n\000g}{chapter.6}% 49
\BOOKMARK [0][-]{chapter.7}{\376\377\000T\000e\000s\000t\000i\000n\000g\000\040\000a\000n\000d\000\040\000R\000e\000s\000u\000l\000t\000s}{}% 50
\BOOKMARK [1][-]{section.7.1}{\376\377\000S\000m\000o\000k\000e\000\040\000T\000e\000s\000t\000i\000n\000g}{chapter.7}% 51
\BOOKMARK [1][-]{section.7.2}{\376\377\000M\000o\000d\000e\000l\000\040\000E\000v\000a\000l\000u\000a\000t\000i\000o\000n}{chapter.7}% 52
\BOOKMARK [1][-]{section.7.3}{\376\377\000S\000a\000m\000p\000l\000e\000\040\000I\000n\000p\000u\000t\000\040\000R\000e\000s\000u\000l\000t\000s}{chapter.7}% 53
\BOOKMARK [1][-]{section.7.4}{\376\377\000D\000i\000s\000c\000u\000s\000s\000i\000o\000n}{chapter.7}% 54
\BOOKMARK [0][-]{chapter.8}{\376\377\000C\000o\000n\000c\000l\000u\000s\000i\000o\000n\000\040\000a\000n\000d\000\040\000F\000u\000t\000u\000r\000e\000\040\000W\000o\000r\000k}{}% 55
\BOOKMARK [1][-]{section.8.1}{\376\377\000C\000o\000n\000c\000l\000u\000s\000i\000o\000n}{chapter.8}% 56
\BOOKMARK [1][-]{section.8.2}{\376\377\000F\000u\000t\000u\000r\000e\000\040\000E\000n\000h\000a\000n\000c\000e\000m\000e\000n\000t\000s}{chapter.8}% 57
\BOOKMARK [0][-]{section.8.2}{\376\377\000R\000e\000f\000e\000r\000e\000n\000c\000e\000s}{}% 58
